// Vitest Snapshot v1, https://vitest.dev/guide/snapshot.html

exports[`CSS vars injection & non inlineTemplate > Should be injected based on reactive variables 1`] = `
"import {
  toDisplayString as _toDisplayString,
  openBlock as _openBlock,
  createElementBlock as _createElementBlock,
  defineComponent as _defineComponent,
  useCssVars as _useCssVars
} from 'vue'
import 'mockVCF?type=vine-style&scopeId=6eee8880&lang=css&virtual.css'


export const App = (() => {

/* No hoisted */

  const __vine = _defineComponent({
    name: 'App',
    /* No props */
    /* No emits */
    setup(__props /* No setup ctx destructuring */) {

const props = __props


_useCssVars(_ctx => ({
  'bd4b0810': (_ctx.color),
  'cc02e9b0': (_ctx.bgColor.color),

}))

const color = ref('red')
const bgColor = reactive({ color: 'blue' })

/* No expose */

return { color, bgColor }

    }, // End of setup function
  }) // End of component object


function __sfc_render(_ctx: any,_cache: any,$props: any,$setup: any,$data: any,$options: any) {
  return (_openBlock(), _createElementBlock(\\"div\\", null, _toDisplayString($setup.color), 1 /* TEXT */))
}
__vine.render = __sfc_render
    

  __vine.__scopeId = 'data-v-6eee8880'
  return __vine /* End of App */
})()"
`;
